 Install netcat in CentOS
 
 yum install nc.x86_64
 


Intrusion Detection System (HOST-BASED)
=======================================
- based on file integrity check
- Email as alerting mechanism

log file location.
$ cd /var/log/

$ cd /etc
$ less rsyslog.conf

$ grep rsyslog.d rsyslog.conf

$ cd /etc/rsyslog.d/
$ ls

$ cd /var/log
$ sudo less syslog

$ cat kern.log 
$ cat auth.log 

# cd /etc/audit

# apt-cache search auditd
# vi audit.rules

-b 4096 


-w /etc/shadow -p wa -k usermods
-a always,exit -S clock_settime -k timechange

# service auditd start

# ls /var/log/audit 
audit.log 


Cryptographic Hash
==================
# touch sample.data
# echo "Thsi is test" > sample.data
# md5sum sample.data


Hash Collision
---------------
- Get same hash value of the two different content


TripWire is the Host-Based IDS
------------------------------
- uses cryptographic hashes 
# apt-get install tripwire

After installation 
# cd /etc/tripwire
# less twcfg.txt
# less twpol.txt

Lets create a configuration file
# ls
# twadmin --create-cfgfile --cfgfile tw.cfg.enc --site-keyfile site.key twcfg.txt

Create a policy file
# twadmin --create-polfile --cfgfile tw.cfg.enc --polfile tw.pol.enc --site-keyfile site.key twpol.txt

Initialize the database
# tripwire --init --cfgfile tw.cfg.enc --polfile tw.pol.enc --site-keyfile site.key --local-keyfile comp7327-local.key

Look at the policy file and generate a database file
/var/lib/tripwire


Check all of our file against database

# tripwire --check 

Update the database if you change one of these ciritical files. 

OSSEC (https://ossec.github.io/)
---------------------------------
- rootkit checking 
- process monitoring 

Download (https://ossec.github.io/downloads.html)

Download the source and build and install.

Server runs on UNIX and agent can run on Windows.

Installation
------------
# tar xvf ossec-hids-2.9.3.tar.gz
# cd ossec-hids-2.9.3
# less INSTALL
# ./install.sh

# /etc/init.d/ossec start


Install agent to talk to server
-------------------------------
# cd /var/ossec/bin
# ./manage_agents

Text based menu 

We need to get the key (E)xtract key for an agent (E).

Copy key and paste to the Windows client.

Got to windows and install agent 
paste the key into OSSEC Agent Manager
Server IP:
Key:

Start OSSEC


# cd /var/ossec/logs/alerts
# cat alerts.log


SAMHAIN
=======
# apt-cache search samhain 

- Date integrity and host intrusion alert system
Install
# apt-get install samhain

# cd /etc/samhain
# vi samhainrc

Initialize the database for SAMHAIN
# samhain -t init -p info

# vi /etc/samhain/samhainrc

Look for the TrustedUser
Add the below line:

TrustedUser = 104

# samhain -t update

Run samhain
-----------
# samhain -t check 

# cd /var/log/samhain
# ls 

# less samhain-init.log

Look fro ERROR MESSAGE, CRITICAL 
================================
# less samhain.log 

Log File
--------
Typically stored in system 
/var/log 

Send message to centralized log server.
# vi /etc/rsyslog.conf 

UDP syslog reception
---------------------
module(load="imudp")
input(type="imudp" port="514")

# cd /etc/rsyslog.d/
# ls

# vi 50-default.conf

*.*    @@remote-syslog.mydomain.com:514

*.*    @@192.168.56.105:514
Every message in this particular host to 192.168.56.105:514.

# apt-get install logwatch
Log Watch is going to read through all of the log files and generate a summary for you.
# cd /etc/logwatch
# ls

Default settings are in:

# cd /usr/share/logwatch

# cd default.conf 
# man logwatch

Run the logwatch
# logwatch

Network-Based Intrusion-Detection System
========================================
When we are talking about Network-Based IDS, a piece of software going to be monitoring all of the activities that run across 
a particular network interface. 

Online and Offline network capture
==================================
- Most of the IDSs do online network capture

# tcpdump -s 0 -w sample.pcap

-s 0: snap length zero means grab the entire packet
-w <file_name>: write to file 

www.snort.org
=============
- Open Source 
- runs on Windows and Linux
- Software 
- Set of rules 
- signature based IDS

Rule Manager (Oinkmaster)
------------
- Update rules automatically

# apt-get install snort

Ask for Interface(s) which Snort should listen on:
# ifconfig => to verify the interface name.

Address range for the local network:
192.168.0.0/24 

Snort Configuration
-------------------
# /etc/snort
# ls

We are looking for conf file. There are 
# less /etc/default/snort
# less /etc/init.d/snort => which is system start up script.

look for CONFIG=/etc/snort/snort.debian.conf.

# less snort.debian.conf 
Which contains home network, interface name etc
# less snort.conf => to take a reference for entire set of configuration settings. 

Run
---
# snort 

# snort -c /etc/snort/snort.conf

Reading Pcap file
-----------------
# snort -c /etc/snort/snort.conf -r snort-test.pcap

Running in Daemon mode
----------------------
# /etc/init.d/snort start

Rules
-----
# cd /etc/snort/rules
# ls

# less community-web-attacks.rules

alert tcp $EXTERNAL_NET any -> $HTTP_SERVERS $HTTP_PORTS (msg:"COMMUNITY WEB-ATTACKS Hydra "; 

$EXTERNAL_NET : except home network 
any : any port 
pcre: "/^User-Agent\s" => This is regular expression. => This is basically signature. 

TFN
tfn2k

Suricata
--------
https://suricata-ids.org/

- uses a snort rule sets
# apt-cache search suricata
# apt-get install suricata

# cd /etc/suricata
# ls

Default config file : suricata-debian.yaml
# less suricata-debian.yaml

- it uses multiple threads to handle traffic based on size

output:
   - fast:
        enabled: yes
        
# cat /etc/default/suricata

RUN=no
# /etc/init.d/suricata start

# vi /etc/default/suricata

RUN=yes

IFACE=eth0

# man suricata

# ls /etc/init.d/

# /etc/init.d/suricata start

Rules
-----
# cd /etc/suricata/rules
# ls

# less app-layer-events.rules

Bro
---
https://www.bro.org/
- 
Installation
------------
https://www.bro.org/sphinx/install/install.html#id2

# cd /opt/bro
# cd etc
# ls

# less node.cfg

# vi node.cfg
interfact=en0

# vi networks.cfg

Running Bro
-----------
# head broctl.cfg

# cd /opt/bro/bin
# ./broctl

[BroControl] > install

[BroControl] > start

[BroControl] > quit

# ps auxww | grep bro

# cd /opt/bro/logs/current
# ls

# cd /opt/bro/share
# cd bro
# cd site
# ls
# less local.bro

what should be loaded when Bro get started?
# cd ..
# cd policy
# cd protocols
# cd http
# less detect-webapps.bro

# cd /opt/bro/share/bro/policy/framework/
# ls

Updating Snort Rules Automatically
----------------------------------
# vi /etc/oinkmaster.conf

Need Oinkcode and need to register to get the code.

# man oinkmaster

# oinkmaster -C /etc/oinkmaster.conf -o /etc/snort/rules

Snort Log
---------
# cd /var/log/snort
# ls

# file snort.log

We need a program that takes this binary file as input and generate the readable output file.

# vi /usr/local/etc/barnyard2.conf

config sid_file:  /etc/snort/community-sid-msg.map

config interface: en0

#
# Step 2: setup the input plugins
#

input unified2

#
# Step 3: setup the output plugins
#

output alert_fast: stdout

# barnyard2 -c /usr/local/etc/barnyard2.conf -d /var/log/snort

